Var 1 LenovoBDG 49AD5446-9D32-4455-AF9B-D774BDA2CF8B
Var 2 UCR 14A22A97-8424-489E-9EAD-DC09255658B5
Var 3 SctLoadDefaultCreateFlag FACF6142-F416-45BE-A9B1-51A65D929D9F
Var 4 TcgSetup EC87D643-EBA4-4BB5-A1E5-3F3E36B20DA9
Var 5 SaPegData B414CAF8-8225-4D6F-B918-CDE5CB84CF0B
Var 6 PbaStatusVar 0EC1A7F5-4904-40A0-8EAB-4BCC4666DA45
Var 7 LenovoTpmFwUpdate 38243F72-E87F-468F-B19C-478598C46C3F
Var 8 SetupCpuFeatures EC87D643-EBA4-4BB5-A1E5-3F3E36B20DA9
Var 9 EPCBIOS C60AA7F6-E8D6-4956-8BA1-FE26298F5E87
Var 10 SinitSvn ACDC5EEE-9014-4DA4-820F-D43B78010EC3
Var 11 InitSetupVariable EC87D643-EBA4-4BB5-A1E5-3F3E36B20DA9
Var 12 OsProfile E59376D7-2DD9-42A3-9EC8-1D71D5E3C1EC
Var 13 SMBIOSELOGNUMBER C3EEAE98-23BF-412B-AB60-EFCBB48E1534
Var 14 SetupHotKey A7D8D9A6-6AB0-4AEB-AD9D-163E59A7A380
Var 15 RstOptaneConfig 4DA4F952-2516-4D06-8975-65036403A8C7
Var 16 BiosSetup 0B7646A4-6B44-4332-8588-C8998117F2EF
Var 17 BootMenu 0B7646A4-6B44-4332-8588-C8998117F2EF
Var 18 BootOptionNo_01 0B7646A4-6B44-4332-8588-C8998117F2EF
Var 19 BootAllPciLan 0B7646A4-6B44-4332-8588-C8998117F2EF
Var 20 BootOptionNo_03 0B7646A4-6B44-4332-8588-C8998117F2EF
Var 21 BootOptionNo_02 0B7646A4-6B44-4332-8588-C8998117F2EF
Var 22 BootAllHDD 0B7646A4-6B44-4332-8588-C8998117F2EF
Var 23 BootAllCDROM 0B7646A4-6B44-4332-8588-C8998117F2EF
Var 24 ProtectedBootOptions 0B7646A4-6B44-4332-8588-C8998117F2EF
Var 25 Tcg2PhysicalPresenceFlags AEB9C5C1-94F1-4D02-BFD9-4602DB2D3C54
Var 26 PhysicalPresenceFlags 0F6499B1-E9AD-493D-B9C2-2F90815C6CBC
Var 27 ConsoleLock 368CDA0D-CF31-4B9B-8CF6-E7D1BFFF157E
Var 28 SetupAmtFeatures EC87D643-EBA4-4BB5-A1E5-3F3E36B20DA9
Var 29 PhysicalPresence 0F6499B1-E9AD-493D-B9C2-2F90815C6CBC
Var 30 Tcg2PhysicalPresence AEB9C5C1-94F1-4D02-BFD9-4602DB2D3C54
Var 31 LenovoWolInfo 0AF4027F-9B58-41C0-B62F-CD3A1CEF54EE
Var 32 MemoryConfig C94F8C4D-9B9A-45FE-8A55-238B67302643
Var 33 LenovoWmaSupport 286091EF-33A8-48E6-AF77-1E03344C7A18
Var 34 SMBIOSMEMSIZE C3EEAE98-23BF-412B-AB60-EFCBB48E1534
Var 35 ESRTPLATFORMENTRY 954070C3-1F4B-49AC-9C98-8DD5B8E49BC0
Var 36 MeSetupStorage 5432122D-D034-49D2-A6DE-65A829EB4C74
Var 37 SystemAccess E770BB69-BCB4-4D04-9E97-23FF9456FEAC
Var 38 CpuSmm 90D93E09-4E91-4B3D-8C77-C82FF10E3C81
Var 39 PNP0604_1_VV 560BF58A-1E0D-4D7E-953F-2980A261E031
Var 40 PNP0604_1_NV 560BF58A-1E0D-4D7E-953F-2980A261E031
Var 41 PNP0501_0_VV 560BF58A-1E0D-4D7E-953F-2980A261E031
Var 42 PNP0501_0_NV 560BF58A-1E0D-4D7E-953F-2980A261E031
Var 43 PNP0510_1_VV 560BF58A-1E0D-4D7E-953F-2980A261E031
Var 44 PNP0510_1_NV 560BF58A-1E0D-4D7E-953F-2980A261E031
Var 45 PNP0400_0_VV 560BF58A-1E0D-4D7E-953F-2980A261E031
Var 46 PNP0400_0_NV 560BF58A-1E0D-4D7E-953F-2980A261E031
Var 47 PNP0604_0_VV 560BF58A-1E0D-4D7E-953F-2980A261E031
Var 48 PNP0604_0_NV 560BF58A-1E0D-4D7E-953F-2980A261E031
Var 49 PNP0501_2_VV 560BF58A-1E0D-4D7E-953F-2980A261E031
Var 50 PNP0501_2_NV 560BF58A-1E0D-4D7E-953F-2980A261E031
Var 51 PNP0400_1_VV 560BF58A-1E0D-4D7E-953F-2980A261E031
Var 52 PNP0400_1_NV 560BF58A-1E0D-4D7E-953F-2980A261E031
Var 53 PNP0604_2_VV 560BF58A-1E0D-4D7E-953F-2980A261E031
Var 54 PNP0604_2_NV 560BF58A-1E0D-4D7E-953F-2980A261E031
Var 55 PNP0501_3_VV 560BF58A-1E0D-4D7E-953F-2980A261E031
Var 56 PNP0501_3_NV 560BF58A-1E0D-4D7E-953F-2980A261E031
Var 57 PNP0501_4_VV 560BF58A-1E0D-4D7E-953F-2980A261E031
Var 58 PNP0501_4_NV 560BF58A-1E0D-4D7E-953F-2980A261E031
Var 59 PNP0400_2_VV 560BF58A-1E0D-4D7E-953F-2980A261E031
Var 60 PNP0400_2_NV 560BF58A-1E0D-4D7E-953F-2980A261E031
Var 61 WdtPersistentData 78CE2354-CFBC-4643-AEBA-07A27FA892BF
Var 62 TpAcpiNvs E6F014AB-CB0E-456E-8AF7-7221EDB702F7
Var 63 AcpiGlobalVariable C020489E-6DB2-4EF2-9AA5-CA06FC11D36A
Var 64 UsbTypeC FC876842-D8F0-4844-AE32-1FF843797B17
Var 65 FirmwarePerformance C095791A-3001-47B2-80C9-EAC7319F2FA4
Var 66 MeSetup 5432122D-D034-49D2-A6DE-65A829EB4C74
Var 67 LenovoSystemConfig 2A4DC6B7-41F5-45DD-B46F-2DD334C1CF65
Var 68 LWO 2A4DC6B7-41F5-45DD-B46F-2DD334C1CF65
Var 69 TCG2_CONFIGURATION 6339D487-26BA-424B-9A5D-687E25D740BC
Var 70 LenovoScratchData 67C3208E-4FCB-498F-9729-0760BB4109A7
Var 71 LenovoConfig 2A4DC6B7-41F5-45DD-B46F-2DD334C1CF65
Var 72 LBL 2A4DC6B7-41F5-45DD-B46F-2DD334C1CF65
Var 73 LBC 2A4DC6B7-41F5-45DD-B46F-2DD334C1CF65
Var 74 LenovoHiddenSetting 1827CFC7-4E61-4273-B796-D35F4B0C88FC
Var 75 CpuSetup B08F97FF-E6E8-4193-A997-5E9E9B0ADB32
Var 76 Setup EC87D643-EBA4-4BB5-A1E5-3F3E36B20DA9
Var 77 MailBoxQ 67C3208E-4FCB-498F-9729-0760BB4109A7
Var 78 S3MemoryVariable 973218B9-1697-432A-8B34-4884B5DFB359
Var 79 CapsuleLongModeBuffer 711C703F-C285-4B10-A3B0-36ECBD3C8BE2
Var 80 LastBootOrder 0B7646A4-6B44-4332-8588-C8998117F2EF
Var 81 PchSetup 4570B7F1-ADE8-4943-8DC3-406472842384
Var 82 SaSetup 72C5E28C-7783-43A1-8767-FAD73FCCAFA4
Var 83 BootOrderDefault 0B7646A4-6B44-4332-8588-C8998117F2EF
Var 84 LenovoSecurityConfig A2C1808F-0D4F-4CC9-A619-D1E641D39D49
Var 85 System E947FCF9-DD01-4965-B808-32A7B6815657
Var 86 SMBIOSELOG000 C3EEAE98-23BF-412B-AB60-EFCBB48E1534
Var 87 HSTI_RESULTS 8732B833-5367-422C-A77D-99E5B51039A8
Var 88 PlatformConfigurationChange E3CACF62-3062-4E1D-978E-46807AB9747D
Var 89 LenovoFunctionConfig 580020C3-6C9C-4F93-8008-7FADC1FCFEDD
Var 90 F4A80D5D0762 5B446ED1-E30B-4FAA-871A-3654ECA36080
Var 91 F4A80D5D0762 937FE521-95AE-4D1A-8929-48BCD90AD31A
Var 92 D43A650F4AB5 5B446ED1-E30B-4FAA-871A-3654ECA36080
Var 93 D43A650F4AB5 937FE521-95AE-4D1A-8929-48BCD90AD31A
Var 94 LastMemoryMapInfomation 2A4DC6B7-41F5-45DD-B46F-2DD334C1CF65
Var 95 PlatformInfo 54C61C94-287D-4DC5-99D5-D38D1A53AE6B
Var 96 DIAGSPLSHSCRN A7D8D9A6-6AB0-4AEB-AD9D-163E59A7A380
Var 97 SctHotkey 4650C401-93F1-4AEB-B87D-C8204C047DEC
Var 98 SetupMode 8BE4DF61-93CA-11D2-AA0D-00E098032B8C
Var 99 SignatureSupport 8BE4DF61-93CA-11D2-AA0D-00E098032B8C
Var 100 SecureBoot 8BE4DF61-93CA-11D2-AA0D-00E098032B8C
Var 101 VendorKeys 8BE4DF61-93CA-11D2-AA0D-00E098032B8C
Var 102 BootOptionSupport 8BE4DF61-93CA-11D2-AA0D-00E098032B8C
Var 103 PlatformLangCodes 8BE4DF61-93CA-11D2-AA0D-00E098032B8C
Var 104 SctCapResvMemAddr D79833DD-F670-468A-978B-EC883CDF5C88
Var 105 SctCapResvMemSize D79833DD-F670-468A-978B-EC883CDF5C88
Var 106 SOFTWAREGUARDSTATUS 9CB2E73F-7325-40F4-A484-659BB344C3CD
Var 107 SetupVolatileData EC87D643-EBA4-4BB5-A1E5-3F3E36B20DA9
Var 108 CpuSetupVolatileData B08F97FF-E6E8-4193-A997-5E9E9B0ADB32
Var 109 ColdReset EC87D643-EBA4-4BB5-A1E5-3F3E36B20DA9
Var 110 SaColdReset 72C5E28C-7783-43A1-8767-FAD73FCCAFA4
Var 111 MeColdReset 5432122D-D034-49D2-A6DE-65A829EB4C74
Var 112 CpuColdReset B08F97FF-E6E8-4193-A997-5E9E9B0ADB32
Var 113 PchColdReset 4570B7F1-ADE8-4943-8DC3-406472842384
Var 114 IccMbpData 64192DCA-D034-49D2-A6DE-65A829EB4C74
Var 115 EventLog 57A34C69-4D62-0B7E-86E4-939C5C9B7C93
Var 116 ConOutDev 8BE4DF61-93CA-11D2-AA0D-00E098032B8C
Var 117 ErrOutDev 8BE4DF61-93CA-11D2-AA0D-00E098032B8C
Var 118 ConInDev 8BE4DF61-93CA-11D2-AA0D-00E098032B8C
Var 119 MeInfoSetup 78259433-7B6D-4DB3-9AE8-36C4C2C3A17D
Var 120 lBoot0000 146B234D-4052-4E07-B326-11220F8E1FE8
Var 121 lBoot0010 146B234D-4052-4E07-B326-11220F8E1FE8
Var 122 lBoot0011 146B234D-4052-4E07-B326-11220F8E1FE8
Var 123 lBoot0012 146B234D-4052-4E07-B326-11220F8E1FE8
Var 124 lBoot0013 146B234D-4052-4E07-B326-11220F8E1FE8
Var 125 lBoot0014 146B234D-4052-4E07-B326-11220F8E1FE8
Var 126 lBoot0015 146B234D-4052-4E07-B326-11220F8E1FE8
Var 127 lBoot0016 146B234D-4052-4E07-B326-11220F8E1FE8
Var 128 lBoot0017 146B234D-4052-4E07-B326-11220F8E1FE8
Var 129 lBoot0018 146B234D-4052-4E07-B326-11220F8E1FE8
Var 130 lBoot0019 146B234D-4052-4E07-B326-11220F8E1FE8
Var 131 lBoot001A 146B234D-4052-4E07-B326-11220F8E1FE8
Var 132 lBoot001B 146B234D-4052-4E07-B326-11220F8E1FE8
Var 133 lBoot001C 146B234D-4052-4E07-B326-11220F8E1FE8
Var 134 lBoot001D 146B234D-4052-4E07-B326-11220F8E1FE8
Var 135 lBoot001E 146B234D-4052-4E07-B326-11220F8E1FE8
Var 136 lBoot001F 146B234D-4052-4E07-B326-11220F8E1FE8
Var 137 lBoot0020 146B234D-4052-4E07-B326-11220F8E1FE8
Var 138 lBoot0021 146B234D-4052-4E07-B326-11220F8E1FE8
Var 139 lBoot0022 146B234D-4052-4E07-B326-11220F8E1FE8
Var 140 lBoot0023 146B234D-4052-4E07-B326-11220F8E1FE8
Var 141 OsIndicationsSupported 8BE4DF61-93CA-11D2-AA0D-00E098032B8C
Var 142 LenovoHddSecInfoVar 2D8FBE63-3A04-4EF8-A8A4-77321DB5A9AB
Var 143 BootCurrent 8BE4DF61-93CA-11D2-AA0D-00E098032B8C
Var 144 AuthVarKeyDatabase AAF32C78-947B-439A-A180-2E144EC37792
Var 145 MemoryOverwriteRequestControlLock BB983CCF-151D-40E1-A07B-4A17BE168292
Var 146 PlatformLang 8BE4DF61-93CA-11D2-AA0D-00E098032B8C
Var 147 db D719B2CB-3D3A-4596-A3BC-DAD00E67656F
Var 148 KEK 8BE4DF61-93CA-11D2-AA0D-00E098032B8C
Var 149 PK 8BE4DF61-93CA-11D2-AA0D-00E098032B8C
Var 150 VendorKeysNv 9073E4E0-60EC-4B6E-9903-4C223C260F3C
Var 151 CustomMode C076EC0C-7028-4399-A072-71EE5C448B9F
Var 152 BootState 60B5E939-0FCF-4227-BA83-6BBED45BC0E3
Var 153 MeBiosExtensionSetup AF013532-C828-4FBD-20AE-FEE6AFBEDD4E
Var 154 UnlockID EAEC226F-C9A3-477A-A826-DDC716CDC0E3
Var 155 MATP 4D07921A-D613-48F0-8537-BA489342D757
Var 156 PetAlertCfg A5DABCF0-C7A1-4370-8C21-FA50D322A43E
Var 157 8C16457572E3 5B446ED1-E30B-4FAA-871A-3654ECA36080
Var 158 8C16457572E3 937FE521-95AE-4D1A-8929-48BCD90AD31A
Var 159 ClientId 9FB9A8A1-2F4A-43A6-889C-D0F7B6C47AD5
Var 160 rc 158DEF5A-F656-419C-B027-7A3192C079D2
Var 161 TPMSTEPNEXT 158DEF5A-F656-419C-B027-7A3192C079D2
Var 162 LenovoMSScratch FEFB2903-93D9-474B-8685-4EA6BB4FB5FB
Var 163 certdb D9BEE56E-75DC-49D9-B4D7-B534210F637A
Var 164 CurrentPolicy 77FA9ABD-0359-4D32-BD60-28F4E78F784B
Var 165 ConIn 8BE4DF61-93CA-11D2-AA0D-00E098032B8C
Var 166 AMTSTATE 158DEF5A-F656-419C-B027-7A3192C079D2
Var 167 Boot0010 8BE4DF61-93CA-11D2-AA0D-00E098032B8C
Var 168 Boot0011 8BE4DF61-93CA-11D2-AA0D-00E098032B8C
Var 169 Boot0012 8BE4DF61-93CA-11D2-AA0D-00E098032B8C
Var 170 Boot0013 8BE4DF61-93CA-11D2-AA0D-00E098032B8C
Var 171 Boot0014 8BE4DF61-93CA-11D2-AA0D-00E098032B8C
Var 172 Boot0015 8BE4DF61-93CA-11D2-AA0D-00E098032B8C
Var 173 Boot0016 8BE4DF61-93CA-11D2-AA0D-00E098032B8C
Var 174 Boot0017 8BE4DF61-93CA-11D2-AA0D-00E098032B8C
Var 175 Boot0020 8BE4DF61-93CA-11D2-AA0D-00E098032B8C
Var 176 Boot0021 8BE4DF61-93CA-11D2-AA0D-00E098032B8C
Var 177 Boot0022 8BE4DF61-93CA-11D2-AA0D-00E098032B8C
Var 178 Boot0023 8BE4DF61-93CA-11D2-AA0D-00E098032B8C
Var 179 Key0002 8BE4DF61-93CA-11D2-AA0D-00E098032B8C
Var 180 Key0003 8BE4DF61-93CA-11D2-AA0D-00E098032B8C
Var 181 Key0004 8BE4DF61-93CA-11D2-AA0D-00E098032B8C
Var 182 Key0005 8BE4DF61-93CA-11D2-AA0D-00E098032B8C
Var 183 Key0006 8BE4DF61-93CA-11D2-AA0D-00E098032B8C
Var 184 Key0007 8BE4DF61-93CA-11D2-AA0D-00E098032B8C
Var 185 Key0008 8BE4DF61-93CA-11D2-AA0D-00E098032B8C
Var 186 VarErrorFlag 04B37FE8-F6AE-480B-BDD5-37D98C5E89AA
Var 187 Key0000 8BE4DF61-93CA-11D2-AA0D-00E098032B8C
Var 188 Key0001 8BE4DF61-93CA-11D2-AA0D-00E098032B8C
Var 189 OfflineUniqueIDEKPub EAEC226F-C9A3-477A-A826-DDC716CDC0E3
Var 190 OfflineUniqueIDEKPubCRC EAEC226F-C9A3-477A-A826-DDC716CDC0E3
Var 191 UnlockIDCopy EAEC226F-C9A3-477A-A826-DDC716CDC0E3
Var 192 Timeout 8BE4DF61-93CA-11D2-AA0D-00E098032B8C
Var 193 AppName 1FD8B79F-0BE2-4D57-B241-81C5E24E01A1
Var 194 AppPlatform 1FD8B79F-0BE2-4D57-B241-81C5E24E01A1
Var 195 Boot0018 8BE4DF61-93CA-11D2-AA0D-00E098032B8C
Var 196 Boot0019 8BE4DF61-93CA-11D2-AA0D-00E098032B8C
Var 197 Boot001A 8BE4DF61-93CA-11D2-AA0D-00E098032B8C
Var 198 Boot001B 8BE4DF61-93CA-11D2-AA0D-00E098032B8C
Var 199 Boot001C 8BE4DF61-93CA-11D2-AA0D-00E098032B8C
Var 200 Boot001D 8BE4DF61-93CA-11D2-AA0D-00E098032B8C
Var 201 Boot001E 8BE4DF61-93CA-11D2-AA0D-00E098032B8C
Var 202 Boot001F 8BE4DF61-93CA-11D2-AA0D-00E098032B8C
Var 203 RnRPresenceLastBoot FA69B2AE-EE73-4097-B2FB-238B3C54EE7F
Var 204 Boot0000 8BE4DF61-93CA-11D2-AA0D-00E098032B8C
Var 205 BootOrder 8BE4DF61-93CA-11D2-AA0D-00E098032B8C
Var 206 SecureBootEnable F0A30BC7-AF08-4556-99C4-001009C93A44
Var 207 WindowsBootChainSvn 77FA9ABD-0359-4D32-BD60-28F4E78F784B
Var 208 BootingDeviceTypeInfo 77FA9ABD-0359-4D32-BD60-28F4E78F784B
Var 209 CurrentActivePolicy 77FA9ABD-0359-4D32-BD60-28F4E78F784B
Var 210 BootDebugPolicyApplied 77FA9ABD-0359-4D32-BD60-28F4E78F784B
Var 211 Kernel_SiStatus 77FA9ABD-0359-4D32-BD60-28F4E78F784B
Var 212 Kernel_RvkSiStatus 77FA9ABD-0359-4D32-BD60-28F4E78F784B
Var 213 Kernel_SkuSiStatus 77FA9ABD-0359-4D32-BD60-28F4E78F784B
Var 214 Kernel_WinSiStatus 77FA9ABD-0359-4D32-BD60-28F4E78F784B
Var 215 Kernel_ATPSiStatus 77FA9ABD-0359-4D32-BD60-28F4E78F784B
Var 216 Kernel_EntRevokeSiStatus 77FA9ABD-0359-4D32-BD60-28F4E78F784B
Var 217 SbatLevel 605DAB50-E046-4300-ABB6-3DD810DD8B23
Var 218 dbx D719B2CB-3D3A-4596-A3BC-DAD00E67656F
Var 219 MemoryTypeInformationBackup 4C19049F-4137-4DD3-9C10-8B97A83FFDFA
Var 220 MemoryTypeInformation 4C19049F-4137-4DD3-9C10-8B97A83FFDFA
Var 221 LastBootCurrent 0B7646A4-6B44-4332-8588-C8998117F2EF
Var 222 MemoryOverwriteRequestControl E20939BE-32D4-41BE-A150-897F85D49829
Var 223 MTC EB704011-1402-11D3-8E77-00A0C969723B
Var 224 ConOut 8BE4DF61-93CA-11D2-AA0D-00E098032B8C
[UagentDumpNvramVars] enumeration end count=224
[UagentDumpNvramVars] end success
Executed UagentDumpNvramVars.efi: Success

